e8a2ab3deed52ed69987165606b5bf443998835ab3a3c0658e2ab879e9e8a1bb