e024f294c661f8df3a7b4463b51d17340c242ea90a352c5056199e2dc5fbd061