cc470b6341200c663faece2b526abe9c8ce229e7af25bb94608f09068332313a