c19b878121593c571a10e49367e1facfcaf92429fc75f41cb1e586ae9a052654