71949ed66f8df73eaec729454d6a9bfa995d13bbded1a00f38114971b263b625