8699f4d8a38e3fd10ffb62adecfc1b4d9f0a11af0d8f995944be85a8865b48fb