762200c41f7071bf957aced0b81748b975486c0ad127d6d1f0c166f253c715cd