b0286f805615fc91ae73a9116c8fc883d9e1a5bb210729b6b94d8294009be3c9