8714f5eef32174d6c6eb3c3934c758c35c180153def6fabc9fe69272c9512651