16f5ad9fc0d265a8c1014633367d6ee85ee1e6786f22d1d635e1138621ab4a4e