45dd16e4c48b21f78239243f6264ccb56f5ae97c1b5082301b3c1ab059ad83a7