766715a30c8fedb00b85fd6c9d7ae8a42948c37956d05e2360225c2f133bfb71