13e34b7b3350a3f133b829269f1bc68b6ca1ea0a82806e5442607627f20cdb31