13ecf40f3591a881c24d90638ca0e344a94c48acc9e71885287cecfef90f518e