ec9ffc62b2b41080bbfcaa58be70862235fd79bd2b86b76ded83dadb31b9067c