852b917a6e28abb53e1f2a04fc277d8f8fc1072b0561aade3550fcc90dfa5af3