bbd785fc38a9102f3eca0127f91a5106a204e813c272e687cebf4e27db2d0e55