99c8f61d415de3a6c96e48299fda5554bf4bbaf56bb4b5acd85861ab37ede0c3