c9fb2fa9f97231f5e0d09aa37d579df48f638abd095832f3112f30b8e7a99683