28510c0643d65d478368f9a94674b55038b51706fa278504b202267647e56496