efef9710fd4cf622b448ea9cd6ec02c271a069f02e51dc64512702233ce9d368