0d02000882610679920ae10fb373aae949a05f78bb38067dd0bdd31f702c4ddc