6a345a5135d33d38c553d894c63bdb2f0742980b51ff9650af2cfc6b054ab7d5