2e88fa60ed789a4eeb554db33fdd1a7c77cc767df223d3cc339154abf774a740