00021ba6cab57cac9cc18ad2ca68e390eba0c6e7e95e9caa64717d794989d74b