fd13350d98b1aa5824cb6d3a2e562922e7df5d545993e016f2eba2ef253347d5