ccb35d04789b0d83fd93a6c2f8688c4abfe20f5bc77420f63054893450b2a832