0b3227cc859c7db8ca82f76784f89bd791890c835ddfbe5709f1a07ccb603550