4f99f33d5b33bda8408d85ebc60ce7d45498fba4a850299dac328e267b5f131a