178f8cbbb13bcac601e15c759faf99343e49da92ebdb490b279af5bd429b1b49